// Jest Snapshot v1, https://goo.gl/fbAQLP

exports[`group tesing goes here renders correctly 1`] = `
<View
  style={
    Array [
      "styles",
      Object {
        "alignItems": "center",
        "height": undefined,
        "justifyContent": "center",
      },
    ]
  }
>
  <Text
    style={
      Object {
        "color": "#000000",
        "fontFamily": "Inter-Regular",
        "fontSize": 16,
        "fontWeight": "600",
        "paddingBottom": 10,
      }
    }
  >
    abcd
  </Text>
  <Text
    style={
      Object {
        "color": "#000000",
        "fontFamily": "Inter-Regular",
        "fontSize": 12,
        "fontWeight": "400",
      }
    }
  >
    sjbdjwef
  </Text>
</View>
`;
