// Jest Snapshot v1, https://goo.gl/fbAQLP

exports[`renders correctly 1`] = `
<View
  style={
    Object {
      "alignItems": "center",
      "height": 200,
      "justifyContent": "center",
      "paddingTop": 20,
      "width": "100%",
    }
  }
>
  <View
    style={
      Object {
        "height": 200,
        "shadowColor": "#000",
        "shadowOffset": Object {
          "height": 1,
          "width": 0,
        },
        "shadowOpacity": 0.25,
        "shadowRadius": 3.84,
        "width": undefined,
      }
    }
  >
    <View
      style={
        Array [
          Object {
            "overflow": "hidden",
          },
          Object {
            "backgroundColor": "#E7E5E7",
            "height": 200,
            "width": undefined,
          },
        ]
      }
    >
      <FastImageView
        resizeMode="cover"
        source={
          Object {
            "testUri": "../../../app/assets/Placeholder-5.png",
          }
        }
        style={
          Object {
            "bottom": 0,
            "left": 0,
            "position": "absolute",
            "right": 0,
            "top": 0,
          }
        }
      />
    </View>
  </View>
  <View
    style={
      Array [
        Object {
          "overflow": "hidden",
        },
        Object {
          "backgroundColor": "#E7E5E7",
          "bottom": 20,
          "height": 61,
          "left": 0,
          "position": "absolute",
          "width": undefined,
        },
      ]
    }
  >
    <FastImageView
      resizeMode="cover"
      source={
        Object {
          "testUri": "../../../app/assets/Placeholder-2.png",
        }
      }
      style={
        Object {
          "bottom": 0,
          "left": 0,
          "position": "absolute",
          "right": 0,
          "top": 0,
        }
      }
    />
  </View>
  <View
    style={
      Array [
        Object {
          "overflow": "hidden",
        },
        Object {
          "backgroundColor": "#E7E5E7",
          "height": 75,
          "left": undefined,
          "position": "absolute",
          "top": 40,
          "width": undefined,
          "zIndex": -6,
        },
      ]
    }
  >
    <FastImageView
      resizeMode="cover"
      source={
        Object {
          "testUri": "../../../app/assets/Placeholder-1.png",
        }
      }
      style={
        Object {
          "bottom": 0,
          "left": 0,
          "position": "absolute",
          "right": 0,
          "top": 0,
        }
      }
    />
  </View>
  <View
    style={
      Array [
        Object {
          "overflow": "hidden",
        },
        Object {
          "backgroundColor": "#E7E5E7",
          "bottom": 40,
          "height": 75,
          "left": undefined,
          "position": "absolute",
          "width": undefined,
          "zIndex": -5,
        },
      ]
    }
  >
    <FastImageView
      resizeMode="cover"
      source={
        Object {
          "testUri": "../../../app/assets/Placeholder4.png",
        }
      }
      style={
        Object {
          "bottom": 0,
          "left": 0,
          "position": "absolute",
          "right": 0,
          "top": 0,
        }
      }
    />
  </View>
  <View
    style={
      Array [
        Object {
          "overflow": "hidden",
        },
        Object {
          "backgroundColor": "#E7E5E7",
          "bottom": 25,
          "height": 75,
          "position": "absolute",
          "right": -5,
          "width": undefined,
          "zIndex": -5,
        },
      ]
    }
  >
    <FastImageView
      resizeMode="cover"
      source={
        Object {
          "testUri": "../../../app/assets/Placeholder-3.png",
        }
      }
      style={
        Object {
          "bottom": 0,
          "left": 0,
          "position": "absolute",
          "right": 0,
          "top": 0,
        }
      }
    />
  </View>
  <View
    style={
      Array [
        Object {
          "overflow": "hidden",
        },
        Object {
          "backgroundColor": "#E7E5E7",
          "height": 75,
          "position": "absolute",
          "right": undefined,
          "top": 50,
          "width": undefined,
          "zIndex": -5,
        },
      ]
    }
  >
    <FastImageView
      resizeMode="cover"
      source={
        Object {
          "testUri": "../../../app/assets/Placeholder-6.png",
        }
      }
      style={
        Object {
          "bottom": 0,
          "left": 0,
          "position": "absolute",
          "right": 0,
          "top": 0,
        }
      }
    />
  </View>
</View>
`;
