// Jest Snapshot v1, https://goo.gl/fbAQLP

exports[`renders tags correctly 1`] = `
<View
  accessible={true}
  collapsable={false}
  focusable={true}
  onBlur={[Function]}
  onClick={[Function]}
  onFocus={[Function]}
  onResponderGrant={[Function]}
  onResponderMove={[Function]}
  onResponderRelease={[Function]}
  onResponderTerminate={[Function]}
  onResponderTerminationRequest={[Function]}
  onStartShouldSetResponder={[Function]}
  style={
    Object {
      "flexDirection": "row",
    }
  }
>
  <Text
    style={
      Object {
        "color": "rgba(0, 0, 0, 0.2)",
        "fontFamily": "Inter-Regular",
        "fontSize": 40,
        "fontWeight": "bold",
        "paddingBottom": 25,
        "width": 298,
      }
    }
  >
    a
  </Text>
  <Image
    resizeMode="contain"
    source={
      Object {
        "uri": "https://dddd",
      }
    }
    style={
      Object {
        "height": 50,
        "left": 210,
        "opacity": 0,
        "position": "absolute",
        "top": 10,
        "width": 55,
      }
    }
  />
</View>
`;
