// Jest Snapshot v1, https://goo.gl/fbAQLP

exports[`renders correctly 1`] = `
<View
  accessibilityIgnoresInvertColors={true}
  style={
    Object {
      "height": undefined,
      "width": undefined,
    }
  }
>
  <Image
    source={
      Object {
        "testUri": "../../../app/assets/LoginBackGround.png",
      }
    }
    style={
      Array [
        Object {
          "bottom": 0,
          "left": 0,
          "position": "absolute",
          "right": 0,
          "top": 0,
        },
        Object {
          "height": undefined,
          "width": undefined,
        },
        undefined,
      ]
    }
  />
  <View
    style={
      Object {
        "alignItems": "center",
        "flex": 1,
        "paddingTop": undefined,
      }
    }
  >
    <Text
      style={
        Object {
          "alignItems": "flex-end",
          "color": "#FFFFFF",
          "fontFamily": "Inter-Regular",
          "fontSize": 18.0084,
          "fontStyle": "normal",
          "fontWeight": "normal",
          "lineHeight": 22,
          "textAlign": "center",
          "width": 298.94,
        }
      }
    >
      Please enter your phone number to sign in to the community
    </Text>
    <View
      style={
        Array [
          Object {
            "flexDirection": "row",
            "paddingTop": 22.81,
            "width": "100%",
          },
          Object {
            "paddingLeft": undefined,
            "paddingRight": undefined,
          },
        ]
      }
    >
      <View
        style={
          Array [
            Object {
              "backgroundColor": "white",
              "flexDirection": "row",
              "width": 600,
            },
            Object {},
            Object {
              "alignItems": "flex-start",
              "backgroundColor": "#F6F6F6",
              "borderColor": " #000000",
              "borderRadius": 14.4067,
              "height": 50.42,
              "justifyContent": "flex-start",
              "margin": 0,
              "padding": 0,
              "paddingLeft": 20,
              "width": "100%",
            },
          ]
        }
      >
        <View
          accessible={true}
          focusable={true}
          onClick={[Function]}
          onResponderGrant={[Function]}
          onResponderMove={[Function]}
          onResponderRelease={[Function]}
          onResponderTerminate={[Function]}
          onResponderTerminationRequest={[Function]}
          onStartShouldSetResponder={[Function]}
          style={
            Object {
              "alignItems": "center",
              "backgroundColor": "#F6F6F6",
              "flexDirection": "row",
              "height": 50,
              "justifyContent": "center",
              "opacity": 1,
            }
          }
        >
          <mockedDefaultExport
            color="black"
            name="down"
            size={20}
          />
          <mockedDefaultExport
            countryCode="US"
            filterProps={Object {}}
            onClose={[Function]}
            onSelect={[Function]}
            renderFlagButton={[Function]}
            visible={false}
            withCallingCode={true}
            withEmoji={true}
            withFilter={true}
            withFlag={true}
          />
          <Text
            style={
              Array [
                Object {
                  "color": "#000000",
                  "fontFamily": "Inter-Regular",
                  "fontSize": undefined,
                  "margin": 0,
                  "paddingRight": 5,
                },
              ]
            }
          >
            +undefined
          </Text>
        </View>
        <View
          style={
            Array [
              Object {
                "alignItems": "center",
                "backgroundColor": "#F8F9F9",
                "flex": 1,
                "flexDirection": "row",
                "paddingHorizontal": 30,
                "paddingVertical": 27,
                "textAlign": "left",
              },
              Object {
                "backgroundColor": "#FFFFFF",
                "borderBottomEndRadius": 14.4067,
                "borderTopRightRadius": 14.4067,
                "height": 50.42,
                "margin": 0,
                "width": "90%",
              },
            ]
          }
        >
          <TextInput
            allowFontScaling={true}
            editable={true}
            keyboardAppearance="default"
            keyboardType="number-pad"
            maxLength={12}
            onChangeText={[Function]}
            placeholder="xxxxxxxxxx"
            rejectResponderTermination={true}
            selectionColor="black"
            style={
              Array [
                Object {
                  "color": "#000000",
                  "flex": 1,
                  "fontSize": 16,
                },
                Object {
                  "color": "#000000",
                  "fontFamily": "Inter-Regular",
                  "fontSize": undefined,
                  "height": 50.42,
                  "margin": 0,
                  "padding": 0,
                  "width": "90%",
                },
              ]
            }
            testID="phoneInputText"
            underlineColorAndroid="transparent"
          />
        </View>
      </View>
    </View>
    <View
      style={
        Object {
          "alignItems": "center",
          "flexDirection": "row",
          "justifyContent": "center",
          "paddingTop": 23,
          "width": "100%",
        }
      }
    >
      <View
        accessible={true}
        focusable={true}
        onClick={[Function]}
        onResponderGrant={[Function]}
        onResponderMove={[Function]}
        onResponderRelease={[Function]}
        onResponderTerminate={[Function]}
        onResponderTerminationRequest={[Function]}
        onStartShouldSetResponder={[Function]}
        style={
          Object {
            "alignItems": "center",
            "backgroundColor": "#FFFFFF",
            "borderColor": "#000000",
            "borderRadius": 5.7147,
            "borderWidth": 0.476225,
            "height": 20,
            "justifyContent": "center",
            "opacity": 1,
            "width": 20,
          }
        }
      />
      <Text
        onPress={[Function]}
        style={
          Object {
            "color": "#FFFFFF",
            "fontFamily": "Inter-Regular",
            "fontSize": 14,
            "fontStyle": "normal",
            "fontWeight": "normal",
            "lineHeight": 17,
            "paddingLeft": 10,
            "textAlign": "center",
          }
        }
      >
        I accept the  
        <Text
          onPress={[Function]}
          style={
            Object {
              "color": "#E6FF00",
              "fontFamily": "Inter-Regular",
              "fontSize": 14,
              "fontStyle": "normal",
              "fontWeight": "normal",
              "lineHeight": 17,
              "paddingLeft": 3,
              "textAlign": "center",
              "textDecorationColor": "#E6FF00",
              "textDecorationLine": "underline",
            }
          }
        >
          Terms & Conditions
        </Text>
      </Text>
    </View>
    <Text
      onPress={[Function]}
      style={
        Object {
          "color": "#E6FF00",
          "fontFamily": "Inter-Regular",
          "fontSize": 15.6501,
          "fontStyle": "normal",
          "fontWeight": "normal",
          "height": 23,
          "lineHeight": 23,
          "marginTop": undefined,
          "textAlign": "center",
          "textTransform": "uppercase",
        }
      }
    >
      [ No Invite? ]
    </Text>
    <View
      accessible={true}
      focusable={true}
      onClick={[Function]}
      onResponderGrant={[Function]}
      onResponderMove={[Function]}
      onResponderRelease={[Function]}
      onResponderTerminate={[Function]}
      onResponderTerminationRequest={[Function]}
      onStartShouldSetResponder={[Function]}
      style={
        Object {
          "marginTop": 40,
          "opacity": 1,
        }
      }
    >
      <Image
        source={
          Object {
            "testUri": "../../../app/assets/Arrow_Left.png",
          }
        }
      />
    </View>
    <Text
      style={
        Object {
          "bottom": undefined,
          "color": "#FFFFFF",
          "fontFamily": "Inter-Regular",
          "fontSize": 10.955,
          "fontStyle": "normal",
          "fontWeight": "400",
          "left": 41.24,
          "lineHeight": 16,
          "position": "absolute",
          "textTransform": "uppercase",
        }
      }
    >
      Featured artist:
      <Text
        style={
          Object {
            "color": "#FFFFFF",
            "fontFamily": "Inter-Regular",
            "fontSize": 10.955,
            "fontStyle": "normal",
            "fontWeight": "600",
            "lineHeight": 16,
            "textTransform": "uppercase",
          }
        }
      >
         alec demarco 
      </Text>
    </Text>
  </View>
</View>
`;
