// Jest Snapshot v1, https://goo.gl/fbAQLP

exports[`styles 1`] = `
Object {
  "bottomContainer": Object {
    "alignItems": "center",
    "flex": 1,
    "width": "100%",
  },
  "bottomText": Object {
    "alignItems": "center",
    "flexDirection": "row",
    "height": 40,
    "justifyContent": "center",
  },
  "bottonText": Object {
    "fontFamily": "Inter-Regular",
    "fontSize": 13,
    "fontWeight": "500",
  },
  "button": Object {
    "alignItems": "center",
    "borderColor": "#000000",
    "borderRadius": 30,
    "borderWidth": 1,
    "height": 35,
    "justifyContent": "center",
    "width": 140,
  },
  "buttonContainer": Object {
    "alignItems": "center",
    "flex": 1,
    "marginTop": undefined,
    "paddingHorizontal": undefined,
    "width": "100%",
  },
  "buttonStyles": Object {
    "alignItems": "center",
    "borderRadius": 39,
    "borderWidth": 0.5,
    "height": undefined,
    "justifyContent": "center",
    "marginVertical": undefined,
    "width": undefined,
  },
  "buttonTextStyle": Object {
    "color": "#000000",
    "fontWeight": "700",
    "textTransform": "uppercase",
  },
  "container": Object {
    "alignItems": "center",
    "backgroundColor": "#FFFFFF",
    "height": undefined,
    "justifyContent": "space-between",
    "width": "100%",
  },
  "cross": Object {
    "alignItems": "center",
    "borderRadius": 10,
    "borderWidth": 1,
    "height": 20,
    "justifyContent": "center",
    "marginRight": 10,
    "width": 20,
  },
  "header": Object {
    "width": "100%",
  },
  "label": Object {
    "color": "#000000",
    "fontSize": 13,
  },
  "mainContainer": Object {
    "alignItems": "center",
    "flex": 1,
    "paddingHorizontal": undefined,
    "width": "100%",
  },
  "phoneCodeTextStyle": Object {
    "color": "#000000",
    "fontFamily": "Inter-Regular",
    "fontSize": undefined,
    "fontWeight": "bold",
    "margin": 0,
  },
  "phoneContainerStyle": Object {
    "alignItems": "flex-start",
    "backgroundColor": "#FFFFFF",
    "borderColor": "#000000",
    "borderRadius": 14.4067,
    "height": 50.42,
    "justifyContent": "flex-start",
    "margin": 0,
    "padding": 0,
    "paddingLeft": 20,
    "width": "100%",
  },
  "phoneCountryContainerStyle": Object {
    "backgroundColor": "#FFFFFF",
    "borderColor": "#000000",
    "borderRadius": 10,
    "borderWidth": 2,
    "paddingHorizontal": 10,
  },
  "phoneTextContainerStyle": Object {
    "backgroundColor": "#FFFFFF",
    "height": 50.42,
    "margin": 0,
    "width": "90%",
  },
  "phoneTextInputTextInputStyle": Object {
    "color": "#000000",
    "fontFamily": "Inter-Regular",
    "fontSize": undefined,
    "fontWeight": "bold",
    "height": 50.42,
    "margin": 0,
    "padding": 0,
    "width": "90%",
  },
  "reefersText": Object {
    "color": "#000000",
    "fontSize": 13,
    "height": 55,
    "paddingTop": 25,
    "textAlignVertical": "top",
  },
  "summaryText": Object {
    "color": "#000000",
    "fontFamily": "Inter-Regular",
    "fontSize": 15,
    "paddingLeft": undefined,
    "paddingTop": 10,
    "width": undefined,
  },
}
`;
